#-----------------------------------------------------------
# Webtalk v2016.3 (64-bit)
# SW Build 1682563 on Mon Oct 10 19:07:26 MDT 2016
# IP Build 1681267 on Mon Oct 10 21:28:31 MDT 2016
# Start of session at: Mon Jan 30 22:58:39 2017
# Process ID: 31655
# Current directory: /home/rika/eceproject/hequ2/FPGAs-for-Accelerating-the-Phylogenetic-Likelihood-Function/verilog-solution/impl/ip
# Command line: wbtcv -mode batch -source /home/rika/eceproject/hequ2/FPGAs-for-Accelerating-the-Phylogenetic-Likelihood-Function/verilog-solution/impl/ip/tmp.hw/webtalk/labtool_webtalk.tcl -notrace
# Log file: /home/rika/eceproject/hequ2/FPGAs-for-Accelerating-the-Phylogenetic-Likelihood-Function/verilog-solution/impl/ip/webtalk.log
# Journal file: /home/rika/eceproject/hequ2/FPGAs-for-Accelerating-the-Phylogenetic-Likelihood-Function/verilog-solution/impl/ip/webtalk.jou
#-----------------------------------------------------------
source /home/rika/eceproject/hequ2/FPGAs-for-Accelerating-the-Phylogenetic-Likelihood-Function/verilog-solution/impl/ip/tmp.hw/webtalk/labtool_webtalk.tcl -notrace
